{
  "beforeDB": {
    "accounts": null,
    "authentications": null,
    "users": null
  },
  "afterDB": {
    "accounts": [
      {
        "balance": 0,
        "currency_id": "ANY_ID",
        "deleted_at": null,
        "id": "MDFKQjMzNTI3TURQVDZEMjJIU05UWFlNNjM=",
        "name": "For work",
        "password_hash": "$2a$10$vxq4IJaWQalU.4gGvQzU/.gW16RwwLdRQFYHmLqsgHysTTVdarITG",
        "updated_at": "2024-10-26T09:20:53+09:00",
        "user_id": "MDFKQjMzNTI2NFRHQVgxRlQyRjQ0R1gyWDE="
      }
    ],
    "authentications": [
      {
        "deleted_at": null,
        "password_hash": "$2a$10$GrN8UD3Mp2KvBWhhBIlAk.DDuOFCzUUyEMVyRMo5m/s/E1M/zq2Ji",
        "user_id": "MDFKQjMzNTI2NFRHQVgxRlQyRjQ0R1gyWDE="
      }
    ],
    "users": [
      {
        "deleted_at": null,
        "email": "sato@example.com",
        "id": "MDFKQjMzNTI2NFRHQVgxRlQyRjQ0R1gyWDE=",
        "name": "Sato Taro"
      }
    ]
  },
  "request": {
    "url": "/api/v1/signup",
    "method": "POST",
    "header": {
      "Content-Type": [
        "application/json"
      ]
    }
  },
  "response": {
    "statusCode": 201,
    "body": "{\"user\":{\"id\":\"ANY_ID\",\"name\":\"Sato Taro\",\"email\":\"sato@example.com\",\"account\":{\"id\":\"ANY_ID\",\"name\":\"For work\",\"balance\":0,\"currency\":\"JPY\",\"updatedAt\":\"2024-10-26 00:20:53 +0000 UTC\"}},\"accessToken\":\"eyJhbGciOiJIUzI1NiIsInR5cCI6IkpXVCJ9.eyJleHAiOjE3Mjk5ODg0NTMsInN1YiI6IjAxSkIzMzUyNjRUR0FYMUZUMkY0NEdYMlgxIn0.1N3QxGq0glMeIWz05kOQrRTTINc-rpVjWwO8sB-8D8Y\"}\n"
  }
}