{
  "beforeDB": {
    "authentications": null,
    "users": null
  },
  "afterDB": {
    "authentications": [
      {
        "deleted_at": null,
        "password_hash": "ANY",
        "user_id": "ANY"
      }
    ],
    "users": [
      {
        "deleted_at": null,
        "email": "sato@example.com",
        "id": "ANY",
        "name": "Sato Taro12345678901"
      }
    ]
  },
  "request": {
    "url": "/api/v1/signup",
    "method": "POST",
    "header": {
      "Content-Type": [
        "application/json"
      ]
    },
    "body": {
      "name": "Sato Taro12345678901",
      "email": "sato@example.com",
      "password": "password123456789012"
    },
    "query": "",
    "cookie": []
  },
  "response": {
    "statusCode": 201,
    "body": {
      "accessToken": "ANY",
      "user": {
        "email": "sato@example.com",
        "id": "ANY",
        "name": "Sato Taro12345678901"
      }
    }
  }
}