{
  "beforeDB": {
    "authentications": null,
    "users": [
      {
        "deleted_at": null,
        "email": "conflict@example.com",
        "id": "ANY",
        "name": "Existing User"
      }
    ]
  },
  "afterDB": {
    "authentications": null,
    "users": [
      {
        "deleted_at": null,
        "email": "conflict@example.com",
        "id": "ANY",
        "name": "Existing User"
      }
    ]
  },
  "request": {
    "url": "/api/v1/signup",
    "method": "POST",
    "header": {
      "Content-Type": [
        "application/json"
      ]
    },
    "body": {
      "name": "Sato Taro12345678901",
      "email": "conflict@example.com",
      "password": "password123456789012"
    },
    "query": "",
    "cookie": []
  },
  "response": {
    "statusCode": 409,
    "body": {
      "detail": "user email already exists",
      "instance": "/api/v1/signup",
      "status": 409,
      "title": "Conflict",
      "type": "https://example.com/probs/conflict"
    }
  }
}