{
  "beforeDB": {
    "accounts": null,
    "authentications": null,
    "users": [
      {
        "deleted_at": null,
        "email": "conflict@example.com",
        "id": "ANY",
        "name": "Existing User"
      }
    ]
  },
  "afterDB": {
    "accounts": null,
    "authentications": null,
    "users": [
      {
        "deleted_at": null,
        "email": "conflict@example.com",
        "id": "ANY",
        "name": "Existing User"
      }
    ]
  },
  "request": {
    "url": "/api/v1/signup",
    "method": "POST",
    "header": {
      "Content-Type": [
        "application/json"
      ]
    },
    "body": "invalid JSON",
    "query": "",
    "cookie": []
  },
  "response": {
    "statusCode": 400,
    "body": {
      "code": "BadRequest",
      "message": "code=400, message=Unmarshal type error: expected=signup.SignupRequestBody, got=string, field=, offset=14, internal=json: cannot unmarshal string into Go value of type signup.SignupRequestBody"
    }
  }
}