{
  "beforeDB": {
    "users": null
  },
  "afterDB": null,
  "request": {
    "url": "/api/v1/me",
    "method": "GET",
    "header": {
      "Authorization": ["Bearer ACCESS_TOKEN"],
      "Content-Type": [
        "application/json"
      ]
    },
    "body": null,
    "query": "",
    "cookie": []
  },
  "response": {
    "statusCode": 404,
    "body": {
      "detail": "user not found",
      "instance": "/api/v1/me",
      "status": 404,
      "title": "Not Found",
      "type": "https://example.com/probs/not-found"
    }
  }
}