{
  "beforeDB": {
    "accounts": null,
    "users": null
  },
  "afterDB": {
    "accounts": null,
    "users": null
  },
  "request": {
    "url": "/api/v1/me/accounts",
    "method": "POST",
    "header": {
      "Authorization": ["Bearer ACCESS_TOKEN"],
      "Content-Type": [
        "application/json"
      ]
    },
    "body": {
      "name": "AccountName123456789",
      "password": "1234",
      "currency": "JPY"
    },
    "query": "",
    "cookie": []
  },
  "response": {
    "statusCode": 404,
    "body": {
      "detail": "user not found",
      "instance": "/api/v1/me/accounts",
      "status": 404,
      "title": "Not Found",
      "type": "https://example.com/probs/not-found"
    }
  }
}